2025-04-13 13:18:11-308 [background-preinit] INFO  o.h.validator.internal.util.Version - HV000001: Hibernate Validator 8.0.2.Final 
2025-04-13 13:18:11-373 [main] INFO  c.b.r.b.b.ResumeBalanceBotApplication - Starting ResumeBalanceBotApplication using Java 17.0.12 with PID 9728 (C:\Users\mgarcsar\Documents\Bootcamp\etregables\resume-balance-bot\target\classes started by mgarcsar in C:\Users\mgarcsar\Documents\Bootcamp\etregables\resume-balance-bot) 
2025-04-13 13:18:11-374 [main] INFO  c.b.r.b.b.ResumeBalanceBotApplication - The following 1 profile is active: "local" 
2025-04-13 13:18:11-425 [main] INFO  o.s.c.c.c.ConfigServerConfigDataLoader - Fetching config from server at : http://localhost:8888 
2025-04-13 13:18:11-426 [main] INFO  o.s.c.c.c.ConfigServerConfigDataLoader - Located environment: name=resume-balance-bot, profiles=[default], label=null, version=1fd27939fe62c7620f048a4908178c3a019747d3, state= 
2025-04-13 13:18:11-426 [main] INFO  o.s.c.c.c.ConfigServerConfigDataLoader - Fetching config from server at : http://localhost:8888 
2025-04-13 13:18:11-426 [main] INFO  o.s.c.c.c.ConfigServerConfigDataLoader - Located environment: name=resume-balance-bot, profiles=[local], label=null, version=1fd27939fe62c7620f048a4908178c3a019747d3, state= 
2025-04-13 13:18:12-665 [main] INFO  o.s.cloud.context.scope.GenericScope - BeanFactory id=5424785a-0fad-3cec-bc1b-b52a2bb63d59 
2025-04-13 13:18:14-197 [main] INFO  o.s.b.a.e.web.EndpointLinksResolver - Exposing 2 endpoints beneath base path '/actuator' 
2025-04-13 13:18:14-827 [main] INFO  o.s.c.n.e.c.DiscoveryClientOptionalArgsConfiguration - Eureka HTTP Client uses RestTemplate. 
2025-04-13 13:18:14-874 [main] WARN  o.s.c.l.c.LoadBalancerCacheAutoConfiguration$LoadBalancerCaffeineWarnLogger - Spring Cloud LoadBalancer is currently working with the default cache. While this cache implementation is useful for development and tests, it's recommended to use Caffeine cache in production.You can switch to using Caffeine cache, by adding it and org.springframework.cache.caffeine.CaffeineCacheManager to the classpath. 
2025-04-13 13:18:14-950 [main] INFO  o.s.c.n.eureka.InstanceInfoFactory - Setting initial instance status as: STARTING 
2025-04-13 13:18:14-984 [main] INFO  c.netflix.discovery.DiscoveryClient - Initializing Eureka in region us-east-1 
2025-04-13 13:18:14-988 [main] INFO  c.n.d.s.r.aws.ConfigClusterResolver - Resolving eureka endpoints via configuration 
2025-04-13 13:18:14-996 [main] INFO  c.netflix.discovery.DiscoveryClient - Disable delta property : false 
2025-04-13 13:18:14-997 [main] INFO  c.netflix.discovery.DiscoveryClient - Single vip registry refresh property : null 
2025-04-13 13:18:14-997 [main] INFO  c.netflix.discovery.DiscoveryClient - Force full registry fetch : false 
2025-04-13 13:18:14-997 [main] INFO  c.netflix.discovery.DiscoveryClient - Application is null : false 
2025-04-13 13:18:14-997 [main] INFO  c.netflix.discovery.DiscoveryClient - Registered Applications size is zero : true 
2025-04-13 13:18:14-997 [main] INFO  c.netflix.discovery.DiscoveryClient - Application version is -1: true 
2025-04-13 13:18:14-997 [main] INFO  c.netflix.discovery.DiscoveryClient - Getting all instance registry info from the eureka server 
2025-04-13 13:18:15-394 [main] INFO  c.netflix.discovery.DiscoveryClient - The response status is 200 
2025-04-13 13:18:15-396 [main] INFO  c.netflix.discovery.DiscoveryClient - Starting heartbeat executor: renew interval is: 30 
2025-04-13 13:18:15-399 [main] INFO  c.n.discovery.InstanceInfoReplicator - InstanceInfoReplicator onDemand update allowed rate per min is 4 
2025-04-13 13:18:15-401 [main] INFO  c.netflix.discovery.DiscoveryClient - Discovery Client initialized at timestamp 1744568295401 with initial instances count: 3 
2025-04-13 13:18:15-405 [main] INFO  o.s.c.n.e.s.EurekaServiceRegistry - Registering application RESUME-BALANCE-BOT with eureka with status UP 
2025-04-13 13:18:15-406 [main] INFO  c.netflix.discovery.DiscoveryClient - Saw local status change event StatusChangeEvent [timestamp=1744568295406, current=UP, previous=STARTING] 
2025-04-13 13:18:15-409 [DiscoveryClient-InstanceInfoReplicator-%d] INFO  c.netflix.discovery.DiscoveryClient - DiscoveryClient_RESUME-BALANCE-BOT/resume-balance-bot:8686: registering service... 
2025-04-13 13:18:15-501 [DiscoveryClient-InstanceInfoReplicator-%d] INFO  c.netflix.discovery.DiscoveryClient - DiscoveryClient_RESUME-BALANCE-BOT/resume-balance-bot:8686 - registration status: 204 
2025-04-13 13:18:15-657 [main] INFO  o.s.b.w.e.netty.NettyWebServer - Netty started on port 8686 (http) 
2025-04-13 13:18:15-661 [main] INFO  o.s.c.n.e.s.EurekaAutoServiceRegistration - Updating port to 8686 
2025-04-13 13:18:16-021 [main] INFO  c.b.r.b.b.ResumeBalanceBotApplication - Started ResumeBalanceBotApplication in 12.869 seconds (process running for 18.433) 
2025-04-13 13:23:15-007 [AsyncResolver-bootstrap-executor-%d] INFO  c.n.d.s.r.aws.ConfigClusterResolver - Resolving eureka endpoints via configuration 
2025-04-13 13:28:15-012 [AsyncResolver-bootstrap-executor-%d] INFO  c.n.d.s.r.aws.ConfigClusterResolver - Resolving eureka endpoints via configuration 
2025-04-13 13:33:15-027 [AsyncResolver-bootstrap-executor-%d] INFO  c.n.d.s.r.aws.ConfigClusterResolver - Resolving eureka endpoints via configuration 
2025-04-13 13:38:15-040 [AsyncResolver-bootstrap-executor-%d] INFO  c.n.d.s.r.aws.ConfigClusterResolver - Resolving eureka endpoints via configuration 
2025-04-13 13:39:19-239 [SpringApplicationShutdownHook] INFO  o.s.c.n.e.s.EurekaServiceRegistry - Unregistering application RESUME-BALANCE-BOT with eureka with status DOWN 
2025-04-13 13:39:19-239 [SpringApplicationShutdownHook] INFO  c.netflix.discovery.DiscoveryClient - Saw local status change event StatusChangeEvent [timestamp=1744569559239, current=DOWN, previous=UP] 
2025-04-13 13:39:19-240 [DiscoveryClient-InstanceInfoReplicator-%d] INFO  c.netflix.discovery.DiscoveryClient - DiscoveryClient_RESUME-BALANCE-BOT/resume-balance-bot:8686: registering service... 
2025-04-13 13:39:19-245 [SpringApplicationShutdownHook] INFO  o.s.b.w.e.netty.GracefulShutdown - Commencing graceful shutdown. Waiting for active requests to complete 
2025-04-13 13:39:19-250 [netty-shutdown] INFO  o.s.b.w.e.netty.GracefulShutdown - Graceful shutdown complete 
2025-04-13 13:39:19-251 [DiscoveryClient-InstanceInfoReplicator-%d] INFO  c.netflix.discovery.DiscoveryClient - DiscoveryClient_RESUME-BALANCE-BOT/resume-balance-bot:8686 - registration status: 204 
2025-04-13 13:57:44-723 [background-preinit] INFO  o.h.validator.internal.util.Version - HV000001: Hibernate Validator 8.0.2.Final 
2025-04-13 13:57:44-819 [main] INFO  c.b.r.b.b.ResumeBalanceBotApplication - Starting ResumeBalanceBotApplication using Java 17.0.12 with PID 27016 (C:\Users\mgarcsar\Documents\Bootcamp\etregables\resume-balance-bot\target\classes started by mgarcsar in C:\Users\mgarcsar\Documents\Bootcamp\etregables\resume-balance-bot) 
2025-04-13 13:57:44-821 [main] INFO  c.b.r.b.b.ResumeBalanceBotApplication - The following 1 profile is active: "local" 
2025-04-13 13:57:44-919 [main] INFO  o.s.c.c.c.ConfigServerConfigDataLoader - Fetching config from server at : http://localhost:8888 
2025-04-13 13:57:44-920 [main] INFO  o.s.c.c.c.ConfigServerConfigDataLoader - Located environment: name=resume-balance-bot, profiles=[default], label=null, version=4104587ecb7e0b9504677aded21c6c2d076b82cb, state= 
2025-04-13 13:57:44-920 [main] INFO  o.s.c.c.c.ConfigServerConfigDataLoader - Fetching config from server at : http://localhost:8888 
2025-04-13 13:57:44-920 [main] INFO  o.s.c.c.c.ConfigServerConfigDataLoader - Located environment: name=resume-balance-bot, profiles=[local], label=null, version=4104587ecb7e0b9504677aded21c6c2d076b82cb, state= 
2025-04-13 13:57:46-501 [main] INFO  o.s.cloud.context.scope.GenericScope - BeanFactory id=8959622c-0681-33e2-943d-6ab5ae17f5e3 
2025-04-13 13:57:48-364 [main] INFO  o.s.b.a.e.web.EndpointLinksResolver - Exposing 2 endpoints beneath base path '/actuator' 
2025-04-13 13:57:49-126 [main] INFO  o.s.c.n.e.c.DiscoveryClientOptionalArgsConfiguration - Eureka HTTP Client uses RestTemplate. 
2025-04-13 13:57:49-208 [main] WARN  o.s.c.l.c.LoadBalancerCacheAutoConfiguration$LoadBalancerCaffeineWarnLogger - Spring Cloud LoadBalancer is currently working with the default cache. While this cache implementation is useful for development and tests, it's recommended to use Caffeine cache in production.You can switch to using Caffeine cache, by adding it and org.springframework.cache.caffeine.CaffeineCacheManager to the classpath. 
2025-04-13 13:57:49-337 [main] INFO  o.s.c.n.eureka.InstanceInfoFactory - Setting initial instance status as: STARTING 
2025-04-13 13:57:49-388 [main] INFO  c.netflix.discovery.DiscoveryClient - Initializing Eureka in region us-east-1 
2025-04-13 13:57:49-394 [main] INFO  c.n.d.s.r.aws.ConfigClusterResolver - Resolving eureka endpoints via configuration 
2025-04-13 13:57:49-411 [main] INFO  c.netflix.discovery.DiscoveryClient - Disable delta property : false 
2025-04-13 13:57:49-412 [main] INFO  c.netflix.discovery.DiscoveryClient - Single vip registry refresh property : null 
2025-04-13 13:57:49-412 [main] INFO  c.netflix.discovery.DiscoveryClient - Force full registry fetch : false 
2025-04-13 13:57:49-412 [main] INFO  c.netflix.discovery.DiscoveryClient - Application is null : false 
2025-04-13 13:57:49-412 [main] INFO  c.netflix.discovery.DiscoveryClient - Registered Applications size is zero : true 
2025-04-13 13:57:49-412 [main] INFO  c.netflix.discovery.DiscoveryClient - Application version is -1: true 
2025-04-13 13:57:49-413 [main] INFO  c.netflix.discovery.DiscoveryClient - Getting all instance registry info from the eureka server 
2025-04-13 13:57:49-943 [main] INFO  c.netflix.discovery.DiscoveryClient - The response status is 200 
2025-04-13 13:57:49-948 [main] INFO  c.netflix.discovery.DiscoveryClient - Starting heartbeat executor: renew interval is: 30 
2025-04-13 13:57:49-952 [main] INFO  c.n.discovery.InstanceInfoReplicator - InstanceInfoReplicator onDemand update allowed rate per min is 4 
2025-04-13 13:57:49-955 [main] INFO  c.netflix.discovery.DiscoveryClient - Discovery Client initialized at timestamp 1744570669954 with initial instances count: 3 
2025-04-13 13:57:49-960 [main] INFO  o.s.c.n.e.s.EurekaServiceRegistry - Registering application RESUME-BALANCE-BOT with eureka with status UP 
2025-04-13 13:57:49-961 [main] INFO  c.netflix.discovery.DiscoveryClient - Saw local status change event StatusChangeEvent [timestamp=1744570669961, current=UP, previous=STARTING] 
2025-04-13 13:57:49-965 [DiscoveryClient-InstanceInfoReplicator-%d] INFO  c.netflix.discovery.DiscoveryClient - DiscoveryClient_RESUME-BALANCE-BOT/resume-balance-bot:8686: registering service... 
2025-04-13 13:57:50-060 [DiscoveryClient-InstanceInfoReplicator-%d] INFO  c.netflix.discovery.DiscoveryClient - DiscoveryClient_RESUME-BALANCE-BOT/resume-balance-bot:8686 - registration status: 204 
2025-04-13 13:57:50-349 [main] INFO  o.s.b.w.e.netty.NettyWebServer - Netty started on port 8686 (http) 
2025-04-13 13:57:50-351 [main] INFO  o.s.c.n.e.s.EurekaAutoServiceRegistration - Updating port to 8686 
2025-04-13 13:57:50-787 [main] INFO  c.b.r.b.b.ResumeBalanceBotApplication - Started ResumeBalanceBotApplication in 13.899 seconds (process running for 17.051) 
2025-04-13 14:02:09-281 [SpringApplicationShutdownHook] INFO  o.s.c.n.e.s.EurekaServiceRegistry - Unregistering application RESUME-BALANCE-BOT with eureka with status DOWN 
2025-04-13 14:02:09-281 [SpringApplicationShutdownHook] INFO  c.netflix.discovery.DiscoveryClient - Saw local status change event StatusChangeEvent [timestamp=1744570929281, current=DOWN, previous=UP] 
2025-04-13 14:02:09-282 [DiscoveryClient-InstanceInfoReplicator-%d] INFO  c.netflix.discovery.DiscoveryClient - DiscoveryClient_RESUME-BALANCE-BOT/resume-balance-bot:8686: registering service... 
2025-04-13 14:02:09-285 [SpringApplicationShutdownHook] INFO  o.s.b.w.e.netty.GracefulShutdown - Commencing graceful shutdown. Waiting for active requests to complete 
2025-04-13 14:02:09-290 [netty-shutdown] INFO  o.s.b.w.e.netty.GracefulShutdown - Graceful shutdown complete 
2025-04-13 14:02:09-290 [DiscoveryClient-InstanceInfoReplicator-%d] INFO  c.netflix.discovery.DiscoveryClient - DiscoveryClient_RESUME-BALANCE-BOT/resume-balance-bot:8686 - registration status: 204 
2025-04-13 14:02:57-190 [background-preinit] INFO  o.h.validator.internal.util.Version - HV000001: Hibernate Validator 8.0.2.Final 
2025-04-13 14:02:57-255 [main] INFO  c.b.r.b.b.ResumeBalanceBotApplication - Starting ResumeBalanceBotApplication using Java 17.0.12 with PID 12184 (C:\Users\mgarcsar\Documents\Bootcamp\etregables\resume-balance-bot\target\classes started by mgarcsar in C:\Users\mgarcsar\Documents\Bootcamp\etregables\resume-balance-bot) 
2025-04-13 14:02:57-257 [main] INFO  c.b.r.b.b.ResumeBalanceBotApplication - The following 1 profile is active: "local" 
2025-04-13 14:02:57-308 [main] INFO  o.s.c.c.c.ConfigServerConfigDataLoader - Fetching config from server at : http://localhost:8888 
2025-04-13 14:02:57-309 [main] INFO  o.s.c.c.c.ConfigServerConfigDataLoader - Located environment: name=resume-balance-bot, profiles=[default], label=null, version=4104587ecb7e0b9504677aded21c6c2d076b82cb, state= 
2025-04-13 14:02:57-309 [main] INFO  o.s.c.c.c.ConfigServerConfigDataLoader - Fetching config from server at : http://localhost:8888 
2025-04-13 14:02:57-309 [main] INFO  o.s.c.c.c.ConfigServerConfigDataLoader - Located environment: name=resume-balance-bot, profiles=[local], label=null, version=4104587ecb7e0b9504677aded21c6c2d076b82cb, state= 
2025-04-13 14:02:58-163 [main] WARN  o.s.b.w.r.c.AnnotationConfigReactiveWebServerApplicationContext - Exception encountered during context initialization - cancelling refresh attempt: org.springframework.beans.factory.support.BeanDefinitionOverrideException: Invalid bean definition with name 'taskScheduler' defined in class path resource [org/springframework/boot/autoconfigure/task/TaskSchedulingConfigurations$TaskSchedulerConfiguration.class]: Cannot register bean definition [Root bean: class=null; scope=; abstract=false; lazyInit=null; autowireMode=3; dependencyCheck=0; autowireCandidate=true; primary=false; fallback=false; factoryBeanName=org.springframework.boot.autoconfigure.task.TaskSchedulingConfigurations$TaskSchedulerConfiguration; factoryMethodName=taskScheduler; initMethodNames=null; destroyMethodNames=[(inferred)]; defined in class path resource [org/springframework/boot/autoconfigure/task/TaskSchedulingConfigurations$TaskSchedulerConfiguration.class]] for bean 'taskScheduler' since there is already [Generic bean: class=com.bootcamp.resume.balance.bot.schedule.CustomTaskScheduler; scope=singleton; abstract=false; lazyInit=null; autowireMode=0; dependencyCheck=0; autowireCandidate=true; primary=false; fallback=false; factoryBeanName=null; factoryMethodName=null; initMethodNames=null; destroyMethodNames=null; defined in file [C:\Users\mgarcsar\Documents\Bootcamp\etregables\resume-balance-bot\target\classes\com\bootcamp\resume\balance\bot\schedule\TaskScheduler.class]] bound.
2025-04-13 14:02:58-179 [main] INFO  o.s.b.a.l.ConditionEvaluationReportLogger - 

Error starting ApplicationContext. To display the condition evaluation report re-run your application with 'debug' enabled. 
2025-04-13 14:02:58-209 [main] ERROR o.s.b.d.LoggingFailureAnalysisReporter - 

***************************
APPLICATION FAILED TO START
***************************

Description:

The bean 'taskScheduler', defined in class path resource [org/springframework/boot/autoconfigure/task/TaskSchedulingConfigurations$TaskSchedulerConfiguration.class], could not be registered. A bean with that name has already been defined in file [C:\Users\mgarcsar\Documents\Bootcamp\etregables\resume-balance-bot\target\classes\com\bootcamp\resume\balance\bot\schedule\TaskScheduler.class] and overriding is disabled.

Action:

Consider renaming one of the beans or enabling overriding by setting spring.main.allow-bean-definition-overriding=true
 
2025-04-13 14:04:00-979 [background-preinit] INFO  o.h.validator.internal.util.Version - HV000001: Hibernate Validator 8.0.2.Final 
2025-04-13 14:04:01-044 [main] INFO  c.b.r.b.b.ResumeBalanceBotApplication - Starting ResumeBalanceBotApplication using Java 17.0.12 with PID 17012 (C:\Users\mgarcsar\Documents\Bootcamp\etregables\resume-balance-bot\target\classes started by mgarcsar in C:\Users\mgarcsar\Documents\Bootcamp\etregables\resume-balance-bot) 
2025-04-13 14:04:01-045 [main] INFO  c.b.r.b.b.ResumeBalanceBotApplication - The following 1 profile is active: "local" 
2025-04-13 14:04:01-109 [main] INFO  o.s.c.c.c.ConfigServerConfigDataLoader - Fetching config from server at : http://localhost:8888 
2025-04-13 14:04:01-109 [main] INFO  o.s.c.c.c.ConfigServerConfigDataLoader - Located environment: name=resume-balance-bot, profiles=[default], label=null, version=4104587ecb7e0b9504677aded21c6c2d076b82cb, state= 
2025-04-13 14:04:01-109 [main] INFO  o.s.c.c.c.ConfigServerConfigDataLoader - Fetching config from server at : http://localhost:8888 
2025-04-13 14:04:01-109 [main] INFO  o.s.c.c.c.ConfigServerConfigDataLoader - Located environment: name=resume-balance-bot, profiles=[local], label=null, version=4104587ecb7e0b9504677aded21c6c2d076b82cb, state= 
2025-04-13 14:04:01-915 [main] WARN  o.s.b.w.r.c.AnnotationConfigReactiveWebServerApplicationContext - Exception encountered during context initialization - cancelling refresh attempt: org.springframework.beans.factory.support.BeanDefinitionOverrideException: Invalid bean definition with name 'taskScheduler' defined in class path resource [org/springframework/boot/autoconfigure/task/TaskSchedulingConfigurations$TaskSchedulerConfiguration.class]: Cannot register bean definition [Root bean: class=null; scope=; abstract=false; lazyInit=null; autowireMode=3; dependencyCheck=0; autowireCandidate=true; primary=false; fallback=false; factoryBeanName=org.springframework.boot.autoconfigure.task.TaskSchedulingConfigurations$TaskSchedulerConfiguration; factoryMethodName=taskScheduler; initMethodNames=null; destroyMethodNames=[(inferred)]; defined in class path resource [org/springframework/boot/autoconfigure/task/TaskSchedulingConfigurations$TaskSchedulerConfiguration.class]] for bean 'taskScheduler' since there is already [Generic bean: class=com.bootcamp.resume.balance.bot.schedule.CustomTaskScheduler; scope=singleton; abstract=false; lazyInit=null; autowireMode=0; dependencyCheck=0; autowireCandidate=true; primary=false; fallback=false; factoryBeanName=null; factoryMethodName=null; initMethodNames=null; destroyMethodNames=null; defined in file [C:\Users\mgarcsar\Documents\Bootcamp\etregables\resume-balance-bot\target\classes\com\bootcamp\resume\balance\bot\schedule\TaskScheduler.class]] bound.
2025-04-13 14:04:01-932 [main] INFO  o.s.b.a.l.ConditionEvaluationReportLogger - 

Error starting ApplicationContext. To display the condition evaluation report re-run your application with 'debug' enabled. 
2025-04-13 14:04:01-957 [main] ERROR o.s.b.d.LoggingFailureAnalysisReporter - 

***************************
APPLICATION FAILED TO START
***************************

Description:

The bean 'taskScheduler', defined in class path resource [org/springframework/boot/autoconfigure/task/TaskSchedulingConfigurations$TaskSchedulerConfiguration.class], could not be registered. A bean with that name has already been defined in file [C:\Users\mgarcsar\Documents\Bootcamp\etregables\resume-balance-bot\target\classes\com\bootcamp\resume\balance\bot\schedule\TaskScheduler.class] and overriding is disabled.

Action:

Consider renaming one of the beans or enabling overriding by setting spring.main.allow-bean-definition-overriding=true
 
2025-04-13 14:05:50-153 [background-preinit] INFO  o.h.validator.internal.util.Version - HV000001: Hibernate Validator 8.0.2.Final 
2025-04-13 14:05:50-196 [main] INFO  c.b.r.b.b.ResumeBalanceBotApplication - Starting ResumeBalanceBotApplication using Java 17.0.12 with PID 30920 (C:\Users\mgarcsar\Documents\Bootcamp\etregables\resume-balance-bot\target\classes started by mgarcsar in C:\Users\mgarcsar\Documents\Bootcamp\etregables\resume-balance-bot) 
2025-04-13 14:05:50-197 [main] INFO  c.b.r.b.b.ResumeBalanceBotApplication - The following 1 profile is active: "local" 
2025-04-13 14:05:50-236 [main] INFO  o.s.c.c.c.ConfigServerConfigDataLoader - Fetching config from server at : http://localhost:8888 
2025-04-13 14:05:50-237 [main] INFO  o.s.c.c.c.ConfigServerConfigDataLoader - Located environment: name=resume-balance-bot, profiles=[default], label=null, version=4104587ecb7e0b9504677aded21c6c2d076b82cb, state= 
2025-04-13 14:05:50-237 [main] INFO  o.s.c.c.c.ConfigServerConfigDataLoader - Fetching config from server at : http://localhost:8888 
2025-04-13 14:05:50-237 [main] INFO  o.s.c.c.c.ConfigServerConfigDataLoader - Located environment: name=resume-balance-bot, profiles=[local], label=null, version=4104587ecb7e0b9504677aded21c6c2d076b82cb, state= 
2025-04-13 14:05:51-155 [main] WARN  o.s.b.w.r.c.AnnotationConfigReactiveWebServerApplicationContext - Exception encountered during context initialization - cancelling refresh attempt: org.springframework.beans.factory.support.BeanDefinitionOverrideException: Invalid bean definition with name 'taskScheduler' defined in class path resource [org/springframework/boot/autoconfigure/task/TaskSchedulingConfigurations$TaskSchedulerConfiguration.class]: Cannot register bean definition [Root bean: class=null; scope=; abstract=false; lazyInit=null; autowireMode=3; dependencyCheck=0; autowireCandidate=true; primary=false; fallback=false; factoryBeanName=org.springframework.boot.autoconfigure.task.TaskSchedulingConfigurations$TaskSchedulerConfiguration; factoryMethodName=taskScheduler; initMethodNames=null; destroyMethodNames=[(inferred)]; defined in class path resource [org/springframework/boot/autoconfigure/task/TaskSchedulingConfigurations$TaskSchedulerConfiguration.class]] for bean 'taskScheduler' since there is already [Generic bean: class=com.bootcamp.resume.balance.bot.schedule.CustomTaskScheduler; scope=singleton; abstract=false; lazyInit=null; autowireMode=0; dependencyCheck=0; autowireCandidate=true; primary=false; fallback=false; factoryBeanName=null; factoryMethodName=null; initMethodNames=null; destroyMethodNames=null; defined in file [C:\Users\mgarcsar\Documents\Bootcamp\etregables\resume-balance-bot\target\classes\com\bootcamp\resume\balance\bot\schedule\TaskScheduler.class]] bound.
2025-04-13 14:05:51-174 [main] INFO  o.s.b.a.l.ConditionEvaluationReportLogger - 

Error starting ApplicationContext. To display the condition evaluation report re-run your application with 'debug' enabled. 
2025-04-13 14:05:51-204 [main] ERROR o.s.b.d.LoggingFailureAnalysisReporter - 

***************************
APPLICATION FAILED TO START
***************************

Description:

The bean 'taskScheduler', defined in class path resource [org/springframework/boot/autoconfigure/task/TaskSchedulingConfigurations$TaskSchedulerConfiguration.class], could not be registered. A bean with that name has already been defined in file [C:\Users\mgarcsar\Documents\Bootcamp\etregables\resume-balance-bot\target\classes\com\bootcamp\resume\balance\bot\schedule\TaskScheduler.class] and overriding is disabled.

Action:

Consider renaming one of the beans or enabling overriding by setting spring.main.allow-bean-definition-overriding=true
 
2025-04-13 14:07:13-897 [background-preinit] INFO  o.h.validator.internal.util.Version - HV000001: Hibernate Validator 8.0.2.Final 
2025-04-13 14:07:13-957 [main] INFO  c.b.r.b.b.ResumeBalanceBotApplication - Starting ResumeBalanceBotApplication using Java 17.0.12 with PID 16628 (C:\Users\mgarcsar\Documents\Bootcamp\etregables\resume-balance-bot\target\classes started by mgarcsar in C:\Users\mgarcsar\Documents\Bootcamp\etregables\resume-balance-bot) 
2025-04-13 14:07:13-959 [main] INFO  c.b.r.b.b.ResumeBalanceBotApplication - The following 1 profile is active: "local" 
2025-04-13 14:07:14-001 [main] INFO  o.s.c.c.c.ConfigServerConfigDataLoader - Fetching config from server at : http://localhost:8888 
2025-04-13 14:07:14-002 [main] INFO  o.s.c.c.c.ConfigServerConfigDataLoader - Located environment: name=resume-balance-bot, profiles=[default], label=null, version=4104587ecb7e0b9504677aded21c6c2d076b82cb, state= 
2025-04-13 14:07:14-002 [main] INFO  o.s.c.c.c.ConfigServerConfigDataLoader - Fetching config from server at : http://localhost:8888 
2025-04-13 14:07:14-002 [main] INFO  o.s.c.c.c.ConfigServerConfigDataLoader - Located environment: name=resume-balance-bot, profiles=[local], label=null, version=4104587ecb7e0b9504677aded21c6c2d076b82cb, state= 
2025-04-13 14:07:15-087 [main] INFO  o.s.cloud.context.scope.GenericScope - BeanFactory id=d878ca89-a758-3383-b73b-7a96a62c08ff 
2025-04-13 14:07:16-416 [main] INFO  o.s.b.a.e.web.EndpointLinksResolver - Exposing 2 endpoints beneath base path '/actuator' 
2025-04-13 14:07:16-915 [main] INFO  o.s.c.n.e.c.DiscoveryClientOptionalArgsConfiguration - Eureka HTTP Client uses RestTemplate. 
2025-04-13 14:07:16-967 [main] WARN  o.s.c.l.c.LoadBalancerCacheAutoConfiguration$LoadBalancerCaffeineWarnLogger - Spring Cloud LoadBalancer is currently working with the default cache. While this cache implementation is useful for development and tests, it's recommended to use Caffeine cache in production.You can switch to using Caffeine cache, by adding it and org.springframework.cache.caffeine.CaffeineCacheManager to the classpath. 
2025-04-13 14:07:17-056 [main] INFO  o.s.c.n.eureka.InstanceInfoFactory - Setting initial instance status as: STARTING 
2025-04-13 14:07:17-084 [main] INFO  c.netflix.discovery.DiscoveryClient - Initializing Eureka in region us-east-1 
2025-04-13 14:07:17-090 [main] INFO  c.n.d.s.r.aws.ConfigClusterResolver - Resolving eureka endpoints via configuration 
2025-04-13 14:07:17-104 [main] INFO  c.netflix.discovery.DiscoveryClient - Disable delta property : false 
2025-04-13 14:07:17-105 [main] INFO  c.netflix.discovery.DiscoveryClient - Single vip registry refresh property : null 
2025-04-13 14:07:17-105 [main] INFO  c.netflix.discovery.DiscoveryClient - Force full registry fetch : false 
2025-04-13 14:07:17-105 [main] INFO  c.netflix.discovery.DiscoveryClient - Application is null : false 
2025-04-13 14:07:17-105 [main] INFO  c.netflix.discovery.DiscoveryClient - Registered Applications size is zero : true 
2025-04-13 14:07:17-105 [main] INFO  c.netflix.discovery.DiscoveryClient - Application version is -1: true 
2025-04-13 14:07:17-105 [main] INFO  c.netflix.discovery.DiscoveryClient - Getting all instance registry info from the eureka server 
2025-04-13 14:07:17-476 [main] INFO  c.netflix.discovery.DiscoveryClient - The response status is 200 
2025-04-13 14:07:17-479 [main] INFO  c.netflix.discovery.DiscoveryClient - Starting heartbeat executor: renew interval is: 30 
2025-04-13 14:07:17-497 [main] INFO  c.n.discovery.InstanceInfoReplicator - InstanceInfoReplicator onDemand update allowed rate per min is 4 
2025-04-13 14:07:17-502 [main] INFO  c.netflix.discovery.DiscoveryClient - Discovery Client initialized at timestamp 1744571237501 with initial instances count: 3 
2025-04-13 14:07:17-505 [main] INFO  o.s.c.n.e.s.EurekaServiceRegistry - Registering application RESUME-BALANCE-BOT with eureka with status UP 
2025-04-13 14:07:17-507 [main] INFO  c.netflix.discovery.DiscoveryClient - Saw local status change event StatusChangeEvent [timestamp=1744571237507, current=UP, previous=STARTING] 
2025-04-13 14:07:17-511 [DiscoveryClient-InstanceInfoReplicator-%d] INFO  c.netflix.discovery.DiscoveryClient - DiscoveryClient_RESUME-BALANCE-BOT/resume-balance-bot:8686: registering service... 
2025-04-13 14:07:17-560 [DiscoveryClient-InstanceInfoReplicator-%d] INFO  c.netflix.discovery.DiscoveryClient - DiscoveryClient_RESUME-BALANCE-BOT/resume-balance-bot:8686 - registration status: 204 
2025-04-13 14:07:17-819 [main] INFO  o.s.b.w.e.netty.NettyWebServer - Netty started on port 8686 (http) 
2025-04-13 14:07:17-822 [main] INFO  o.s.c.n.e.s.EurekaAutoServiceRegistration - Updating port to 8686 
2025-04-13 14:07:18-184 [main] INFO  c.b.r.b.b.ResumeBalanceBotApplication - Started ResumeBalanceBotApplication in 6.761 seconds (process running for 8.404) 
2025-04-13 14:09:11-911 [SpringApplicationShutdownHook] INFO  o.s.c.n.e.s.EurekaServiceRegistry - Unregistering application RESUME-BALANCE-BOT with eureka with status DOWN 
2025-04-13 14:09:11-911 [SpringApplicationShutdownHook] INFO  c.netflix.discovery.DiscoveryClient - Saw local status change event StatusChangeEvent [timestamp=1744571351911, current=DOWN, previous=UP] 
2025-04-13 14:09:11-911 [DiscoveryClient-InstanceInfoReplicator-%d] INFO  c.netflix.discovery.DiscoveryClient - DiscoveryClient_RESUME-BALANCE-BOT/resume-balance-bot:8686: registering service... 
2025-04-13 14:09:11-915 [SpringApplicationShutdownHook] INFO  o.s.b.w.e.netty.GracefulShutdown - Commencing graceful shutdown. Waiting for active requests to complete 
2025-04-13 14:09:11-919 [netty-shutdown] INFO  o.s.b.w.e.netty.GracefulShutdown - Graceful shutdown complete 
2025-04-13 14:09:11-924 [DiscoveryClient-InstanceInfoReplicator-%d] INFO  c.netflix.discovery.DiscoveryClient - DiscoveryClient_RESUME-BALANCE-BOT/resume-balance-bot:8686 - registration status: 204 
